../Core/Src/main.c:80:12:test_keys	4744	static
../Core/Src/main.c:105:12:test_invalid_sk_a	4744	static
../Core/Src/main.c:133:12:test_invalid_ciphertext	4752	static
../Core/Src/main.c:168:5:main	16	static
../Core/Src/main.c:230:6:SystemClock_Config	96	static
../Core/Src/main.c:281:13:MX_LPUART1_UART_Init	8	static
../Core/Src/main.c:329:13:MX_USART3_UART_Init	8	static
../Core/Src/main.c:377:13:MX_USB_OTG_FS_PCD_Init	8	static
../Core/Src/main.c:412:13:MX_GPIO_Init	56	static
../Core/Src/main.c:471:6:Error_Handler	4	static,ignoring_inline_asm
